/Users/t6w652j6ft/Documents/GitHub/miss-slaytona-forje/.venv/lib/python3.11/site-packages/fastmcp/server/auth/providers/jwt.py:10: AuthlibDeprecationWarning: authlib.jose module is deprecated, please use joserfc instead.
It will be compatible before version 2.0.0.
  from authlib.jose import JsonWebKey, JsonWebToken
packet queue is empty, aborting
packet queue is empty, aborting
Traceback (most recent call last):
  File "/Users/t6w652j6ft/Documents/GitHub/miss-slaytona-forje/swarm/run.py", line 142, in agent_loop
    await mem.complete_trace(
          ^^^^^^^^^^^^^^^^^^^
TypeError: ScopedMemory.complete_trace() got an unexpected keyword argument 'error_kind'
repo: /Users/t6w652j6ft/Documents/GitHub/miss-slaytona-forje/fixture  goal: 'Please migrate this codebase from Pydantic v1 to Pydantic v2.'
tarball: 18,487 bytes
  warm-0 seeded (memory)
  cold-0 seeded
  [warm-0] RAISED: TypeError("ScopedMemory.complete_trace() got an unexpected keyword argument 'error_kind'")

============================================================
WARM (shared memory): 0/0 converged | 0 attempts | best tests passing 0
COLD (no memory)  : 0/1 converged | 2 attempts | best tests passing 0

GATE ok: 3 attempt(s) graded by real Daytona runs; 1 sandbox(es) swept
     step hook: 42 step(s) written by the agents (2 of them turns that called no tool), 31 injection(s) of prior agents' steps, 0 error(s)
event log: runs/swarm-1789569369.jsonl
