/Users/t6w652j6ft/Documents/GitHub/miss-slaytona-forje/.venv/lib/python3.11/site-packages/fastmcp/server/auth/providers/jwt.py:10: AuthlibDeprecationWarning: authlib.jose module is deprecated, please use joserfc instead.
It will be compatible before version 2.0.0.
  from authlib.jose import JsonWebKey, JsonWebToken
packet queue is empty, aborting
packet queue is empty, aborting
packet queue is empty, aborting
packet queue is empty, aborting
packet queue is empty, aborting
packet queue is empty, aborting
packet queue is empty, aborting
packet queue is empty, aborting
packet queue is empty, aborting
repo: /Users/t6w652j6ft/Documents/GitHub/miss-slaytona-forje/fixture
tarball: 18,487 bytes
  warm-0 seeded (memory)
  cold-0 seeded
baseline: 0 passing | pydantic.errors.PydanticImportError: `BaseSettings` has been moved to the `pydantic-settings` package. See https:<path>#basesettings-has-moved-to-pydantic-settings for more details.

============================================================
WARM (shared memory): 0/1 converged | 1 attempts | errors cleared 0 | best tests passing 0 | in 5,647 / out 601
COLD (no memory)  : 0/1 converged | 9 attempts | errors cleared 3 | best tests passing 2 | in 361,656 / out 19,001

GATE ok: 9 attempt(s) graded by 9 real Daytona run(s); 0 sandbox(es) swept
     step hook (this run): 1 step(s) written by the agents (1 of them turns that called no tool), 0 injection(s), 0 error(s)
     entities extracted after the clock stopped: 41 from messages, 551 TOUCHED edge(s) from reasoning steps
event log: runs/swarm-1789573441.jsonl
