/Users/t6w652j6ft/Documents/GitHub/miss-slaytona-forje/.venv/lib/python3.11/site-packages/fastmcp/server/auth/providers/jwt.py:10: AuthlibDeprecationWarning: authlib.jose module is deprecated, please use joserfc instead.
It will be compatible before version 2.0.0.
  from authlib.jose import JsonWebKey, JsonWebToken
packet queue is empty, aborting
packet queue is empty, aborting
packet queue is empty, aborting
packet queue is empty, aborting
packet queue is empty, aborting
packet queue is empty, aborting
packet queue is empty, aborting
packet queue is empty, aborting
packet queue is empty, aborting
packet queue is empty, aborting
packet queue is empty, aborting
packet queue is empty, aborting
packet queue is empty, aborting
packet queue is empty, aborting
packet queue is empty, aborting
packet queue is empty, aborting
packet queue is empty, aborting
packet queue is empty, aborting
Traceback (most recent call last):
  File "/Users/t6w652j6ft/Documents/GitHub/miss-slaytona-forje/.venv/lib/python3.11/site-packages/aiohttp/client.py", line 858, in _request
    resp = await handler(req)
           ^^^^^^^^^^^^^^^^^^
  File "/Users/t6w652j6ft/Documents/GitHub/miss-slaytona-forje/.venv/lib/python3.11/site-packages/aiohttp/client.py", line 812, in _connect_and_send_request
    conn = await self._connector.connect(
           ^^^^^^^^^^^^^^^^^^^^^^^^^^^^^^
  File "/Users/t6w652j6ft/Documents/GitHub/miss-slaytona-forje/.venv/lib/python3.11/site-packages/aiohttp/connector.py", line 657, in connect
    proto = await self._create_connection(req, traces, timeout)
            ^^^^^^^^^^^^^^^^^^^^^^^^^^^^^^^^^^^^^^^^^^^^^^^^^^^
  File "/Users/t6w652j6ft/Documents/GitHub/miss-slaytona-forje/.venv/lib/python3.11/site-packages/aiohttp/connector.py", line 1242, in _create_connection
    _, proto = await self._create_direct_connection(req, traces, timeout)
               ^^^^^^^^^^^^^^^^^^^^^^^^^^^^^^^^^^^^^^^^^^^^^^^^^^^^^^^^^^
  File "/Users/t6w652j6ft/Documents/GitHub/miss-slaytona-forje/.venv/lib/python3.11/site-packages/aiohttp/connector.py", line 1589, in _create_direct_connection
    transp, proto = await self._wrap_create_connection(
                    ^^^^^^^^^^^^^^^^^^^^^^^^^^^^^^^^^^^
  File "/Users/t6w652j6ft/Documents/GitHub/miss-slaytona-forje/.venv/lib/python3.11/site-packages/aiohttp/connector.py", line 1301, in _wrap_create_connection
    sock = await aiohappyeyeballs.start_connection(
           ^^^^^^^^^^^^^^^^^^^^^^^^^^^^^^^^^^^^^^^^
  File "/Users/t6w652j6ft/Documents/GitHub/miss-slaytona-forje/.venv/lib/python3.11/site-packages/aiohappyeyeballs/impl.py", line 89, in start_connection
    sock, _, _ = await _staggered.staggered_race(
                 ^^^^^^^^^^^^^^^^^^^^^^^^^^^^^^^^
  File "/Users/t6w652j6ft/Documents/GitHub/miss-slaytona-forje/.venv/lib/python3.11/site-packages/aiohappyeyeballs/_staggered.py", line 155, in staggered_race
    done = await _wait_one(
           ^^^^^^^^^^^^^^^^
  File "/Users/t6w652j6ft/Documents/GitHub/miss-slaytona-forje/.venv/lib/python3.11/site-packages/aiohappyeyeballs/_staggered.py", line 36, in _wait_one
    return await wait_next
           ^^^^^^^^^^^^^^^
asyncio.exceptions.CancelledError

The above exception was the direct cause of the following exception:

Traceback (most recent call last):
  File "/Users/t6w652j6ft/Documents/GitHub/miss-slaytona-forje/.venv/lib/python3.11/site-packages/daytona/_utils/errors.py", line 211, in async_wrapper
    return await async_func(*args, **kwargs)
           ^^^^^^^^^^^^^^^^^^^^^^^^^^^^^^^^^
  File "/Users/t6w652j6ft/Documents/GitHub/miss-slaytona-forje/.venv/lib/python3.11/site-packages/daytona/_utils/timeout.py", line 418, in async_wrapper
    return await func(*args, **kwargs)
           ^^^^^^^^^^^^^^^^^^^^^^^^^^^
  File "/Users/t6w652j6ft/Documents/GitHub/miss-slaytona-forje/.venv/lib/python3.11/site-packages/daytona/_utils/otel_decorator.py", line 129, in async_wrapper
    result = await func(*args, **kwargs)
             ^^^^^^^^^^^^^^^^^^^^^^^^^^^
  File "/Users/t6w652j6ft/Documents/GitHub/miss-slaytona-forje/.venv/lib/python3.11/site-packages/daytona/_utils/otel_decorator.py", line 257, in async_wrapper
    result = await func(*args, **kwargs)
             ^^^^^^^^^^^^^^^^^^^^^^^^^^^
  File "/Users/t6w652j6ft/Documents/GitHub/miss-slaytona-forje/.venv/lib/python3.11/site-packages/daytona/_async/sandbox.py", line 647, in delete
    sandbox = await self._sandbox_api.delete_sandbox(self.id, _request_timeout=http_timeout(timeout))
              ^^^^^^^^^^^^^^^^^^^^^^^^^^^^^^^^^^^^^^^^^^^^^^^^^^^^^^^^^^^^^^^^^^^^^^^^^^^^^^^^^^^^^^^
  File "/Users/t6w652j6ft/Documents/GitHub/miss-slaytona-forje/.venv/lib/python3.11/site-packages/pydantic/_internal/_validate_call.py", line 35, in wrapper_function
    return await wrapper(*args, **kwargs)
           ^^^^^^^^^^^^^^^^^^^^^^^^^^^^^^
  File "/Users/t6w652j6ft/Documents/GitHub/miss-slaytona-forje/.venv/lib/python3.11/site-packages/daytona_api_client_async/api/sandbox_api.py", line 1564, in delete_sandbox
    response_data = await self.api_client.call_api(
                    ^^^^^^^^^^^^^^^^^^^^^^^^^^^^^^^
  File "/Users/t6w652j6ft/Documents/GitHub/miss-slaytona-forje/.venv/lib/python3.11/site-packages/daytona_api_client_async/api_client.py", line 279, in call_api
    response_data = await self.rest_client.request(
                    ^^^^^^^^^^^^^^^^^^^^^^^^^^^^^^^
  File "/Users/t6w652j6ft/Documents/GitHub/miss-slaytona-forje/.venv/lib/python3.11/site-packages/daytona/internal/shared_session.py", line 174, in request_wrapper
    result = await original_request(*args, **attempt_kwargs)
             ^^^^^^^^^^^^^^^^^^^^^^^^^^^^^^^^^^^^^^^^^^^^^^^
  File "/Users/t6w652j6ft/Documents/GitHub/miss-slaytona-forje/.venv/lib/python3.11/site-packages/daytona_api_client_async/rest.py", line 225, in request
    r = await pool_manager.request(**args)
        ^^^^^^^^^^^^^^^^^^^^^^^^^^^^^^^^^^
  File "/Users/t6w652j6ft/Documents/GitHub/miss-slaytona-forje/.venv/lib/python3.11/site-packages/aiohttp/client.py", line 701, in _request
    with timer:
  File "/Users/t6w652j6ft/Documents/GitHub/miss-slaytona-forje/.venv/lib/python3.11/site-packages/aiohttp/helpers.py", line 759, in __exit__
    raise asyncio.TimeoutError from exc_val
TimeoutError

The above exception was the direct cause of the following exception:

Traceback (most recent call last):
  File "/Users/t6w652j6ft/Documents/GitHub/miss-slaytona-forje/swarm/run.py", line 140, in agent_loop
    exit_code, output = await grade(pool, ws, test_command, install_command)
                        ^^^^^^^^^^^^^^^^^^^^^^^^^^^^^^^^^^^^^^^^^^^^^^^^^^^^
  File "/Users/t6w652j6ft/Documents/GitHub/miss-slaytona-forje/swarm/run.py", line 87, in grade
    result = await pool.run_pytest(
             ^^^^^^^^^^^^^^^^^^^^^^
  File "/Users/t6w652j6ft/Documents/GitHub/miss-slaytona-forje/orchestrator/sandbox.py", line 133, in run_pytest
    async with self.sandbox() as (box, create_ms):
  File "/opt/homebrew/Cellar/python@3.11/3.11.14_2/Frameworks/Python.framework/Versions/3.11/lib/python3.11/contextlib.py", line 217, in __aexit__
    await anext(self.gen)
  File "/Users/t6w652j6ft/Documents/GitHub/miss-slaytona-forje/orchestrator/sandbox.py", line 117, in sandbox
    await self.client.delete(box)
  File "/Users/t6w652j6ft/Documents/GitHub/miss-slaytona-forje/.venv/lib/python3.11/site-packages/daytona/_utils/otel_decorator.py", line 129, in async_wrapper
    result = await func(*args, **kwargs)
             ^^^^^^^^^^^^^^^^^^^^^^^^^^^
  File "/Users/t6w652j6ft/Documents/GitHub/miss-slaytona-forje/.venv/lib/python3.11/site-packages/daytona/_utils/otel_decorator.py", line 257, in async_wrapper
    result = await func(*args, **kwargs)
             ^^^^^^^^^^^^^^^^^^^^^^^^^^^
  File "/Users/t6w652j6ft/Documents/GitHub/miss-slaytona-forje/.venv/lib/python3.11/site-packages/daytona/_async/daytona.py", line 747, in delete
    _ = await sandbox.delete(timeout, wait=wait)
        ^^^^^^^^^^^^^^^^^^^^^^^^^^^^^^^^^^^^^^^^
  File "/Users/t6w652j6ft/Documents/GitHub/miss-slaytona-forje/.venv/lib/python3.11/site-packages/daytona/_async/sandbox.py", line 98, in async_wrapper
    return await _m(self, *args, **kwargs)
           ^^^^^^^^^^^^^^^^^^^^^^^^^^^^^^^
  File "/Users/t6w652j6ft/Documents/GitHub/miss-slaytona-forje/.venv/lib/python3.11/site-packages/daytona/_utils/errors.py", line 213, in async_wrapper
    process_n_raise_exception(e)
  File "/Users/t6w652j6ft/Documents/GitHub/miss-slaytona-forje/.venv/lib/python3.11/site-packages/daytona/_utils/errors.py", line 166, in process_n_raise_exception
    raise daytona_error_cls(_prefix_message(message_prefix, str(e))) from e
daytona.common.errors.DaytonaConnectionTimeoutError: Failed to remove sandbox: 
repo: /Users/t6w652j6ft/Documents/GitHub/miss-slaytona-forje/fixture  goal: 'Please migrate this codebase from Pydantic v1 to Pydantic v2.'
tarball: 18,487 bytes
  warm-0 seeded (memory)
  cold-0 seeded
  [warm-0] RAISED: DaytonaConnectionTimeoutError(message='Failed to remove sandbox: ', status_code=None, code=None)

============================================================
WARM (shared memory): 0/0 converged | 0 attempts | best tests passing 0 | in 18,134 / out 1,926
COLD (no memory)  : 0/1 converged | 8 attempts | best tests passing 2 | in 225,862 / out 14,359

GATE ok: 8 attempt(s) graded by real Daytona runs; 2 sandbox(es) swept
     step hook (this run): 3 step(s) written by the agents (1 of them turns that called no tool), 1 injection(s) of prior agents' steps, 0 error(s)
event log: runs/swarm-1789571249.jsonl
