/Users/t6w652j6ft/Documents/GitHub/miss-slaytona-forje/.venv/lib/python3.11/site-packages/fastmcp/server/auth/providers/jwt.py:10: AuthlibDeprecationWarning: authlib.jose module is deprecated, please use joserfc instead.
It will be compatible before version 2.0.0.
  from authlib.jose import JsonWebKey, JsonWebToken
Traceback (most recent call last):
  File "/Users/t6w652j6ft/Documents/GitHub/miss-slaytona-forje/swarm/run.py", line 1263, in <module>
    raise SystemExit(main())
                     ^^^^^^
  File "/Users/t6w652j6ft/Documents/GitHub/miss-slaytona-forje/swarm/run.py", line 1258, in main
    rc = asyncio.run(main_async(args, watch), debug=not args.no_loop_debug)
         ^^^^^^^^^^^^^^^^^^^^^^^^^^^^^^^^^^^^^^^^^^^^^^^^^^^^^^^^^^^^^^^^^^
  File "/opt/homebrew/Cellar/python@3.11/3.11.14_2/Frameworks/Python.framework/Versions/3.11/lib/python3.11/asyncio/runners.py", line 190, in run
    return runner.run(main)
           ^^^^^^^^^^^^^^^^
  File "/opt/homebrew/Cellar/python@3.11/3.11.14_2/Frameworks/Python.framework/Versions/3.11/lib/python3.11/asyncio/runners.py", line 118, in run
    return self._loop.run_until_complete(task)
           ^^^^^^^^^^^^^^^^^^^^^^^^^^^^^^^^^^^
  File "/opt/homebrew/Cellar/python@3.11/3.11.14_2/Frameworks/Python.framework/Versions/3.11/lib/python3.11/asyncio/base_events.py", line 654, in run_until_complete
    return future.result()
           ^^^^^^^^^^^^^^^
  File "/Users/t6w652j6ft/Documents/GitHub/miss-slaytona-forje/swarm/run.py", line 555, in main_async
    for remote, digest in install_host_scripts(host).items():
                          ^^^^^^^^^^^^^^^^^^^^^^^^^^
  File "/Users/t6w652j6ft/Documents/GitHub/miss-slaytona-forje/swarm/agent_workspace.py", line 162, in install_host_scripts
    host.put(data, remote, mode=mode)
  File "/Users/t6w652j6ft/Documents/GitHub/miss-slaytona-forje/swarm/agent_workspace.py", line 379, in put
    raise RuntimeError(f"put {dst} failed: {proc.stderr.decode()[:400]}")
RuntimeError: put /opt/swarm/hook.py failed: ssh: connect to host 103.196.86.112 port 16905: Network is unreachable

