=== series run 1 started 23:57:58 ===
=== series run 1 exit 0 at 00:14:17 ===
WARM (shared memory): 0/1 converged | 2 attempts | errors cleared 2 | best tests passing 57 | in 8,101,639 / out 23,889
COLD (no memory)  : 0/1 converged | 4 attempts | errors cleared 3 | best tests passing 0 | in 5,044,252 / out 20,484
  GPU: 1x NVIDIA H200, 143771 MiB at $4.59/hr x 976s = $1.24 for this RUN -- provisioning and the model download are before the first event and are not counted here
=== series run 2 started 00:14:17 ===
=== series run 2 exit 0 at 00:34:08 ===
WARM (shared memory): 0/1 converged | 4 attempts | errors cleared 0 | best tests passing 0 | in 5,809,264 / out 19,027
COLD (no memory)  : 0/1 converged | 4 attempts | errors cleared 2 | best tests passing 0 | in 4,997,114 / out 20,114
  GPU: 1x NVIDIA H200, 143771 MiB at $4.59/hr x 1189s = $1.52 for this RUN -- provisioning and the model download are before the first event and are not counted here
=== series run 3 started 00:34:08 ===
=== series run 3 exit 0 at 00:52:50 ===
WARM (shared memory): 0/1 converged | 3 attempts | errors cleared 2 | best tests passing 0 | in 8,673,089 / out 23,905
COLD (no memory)  : 0/1 converged | 3 attempts | errors cleared 1 | best tests passing 0 | in 6,165,364 / out 30,519
  GPU: 1x NVIDIA H200, 143771 MiB at $4.59/hr x 1118s = $1.43 for this RUN -- provisioning and the model download are before the first event and are not counted here
=== series run 4 started 00:52:50 ===
=== series run 4 exit 0 at 01:07:47 ===
WARM (shared memory): 0/1 converged | 2 attempts | errors cleared 2 | best tests passing 57 | in 8,846,614 / out 25,126
COLD (no memory)  : 0/1 converged | 3 attempts | errors cleared 3 | best tests passing 60 | in 7,183,610 / out 25,348
  GPU: 1x NVIDIA H200, 143771 MiB at $4.59/hr x 895s = $1.14 for this RUN -- provisioning and the model download are before the first event and are not counted here
=== series run 5 started 01:07:47 ===
=== series run 5 exit 0 at 01:25:20 ===
WARM (shared memory): 0/1 converged | 3 attempts | errors cleared 2 | best tests passing 0 | in 7,927,295 / out 23,175
COLD (no memory)  : 0/1 converged | 3 attempts | errors cleared 2 | best tests passing 0 | in 8,990,330 / out 23,117
  GPU: 1x NVIDIA H200, 143771 MiB at $4.59/hr x 1050s = $1.34 for this RUN -- provisioning and the model download are before the first event and are not counted here
=== series run 6 started 01:25:20 ===
=== series run 6 exit 0 at 01:48:27 ===
WARM (shared memory): 0/1 converged | 4 attempts | errors cleared 1 | best tests passing 0 | in 7,174,034 / out 14,007
COLD (no memory)  : 0/1 converged | 3 attempts | errors cleared 3 | best tests passing 57 | in 8,197,200 / out 25,919
  GPU: 1x NVIDIA H200, 143771 MiB at $4.59/hr x 1384s = $1.77 for this RUN -- provisioning and the model download are before the first event and are not counted here
=== series run 7 started 01:48:27 ===
=== series run 7 exit 0 at 02:08:31 ===
WARM (shared memory): 0/1 converged | 3 attempts | errors cleared 2 | best tests passing 0 | in 5,486,710 / out 23,989
COLD (no memory)  : 0/1 converged | 3 attempts | errors cleared 2 | best tests passing 0 | in 8,438,608 / out 24,742
  GPU: 1x NVIDIA H200, 143771 MiB at $4.59/hr x 1201s = $1.53 for this RUN -- provisioning and the model download are before the first event and are not counted here
=== series run 8 started 02:08:31 ===
=== series run 8 exit 0 at 02:29:09 ===
WARM (shared memory): 0/1 converged | 4 attempts | errors cleared 2 | best tests passing 0 | in 6,878,989 / out 22,589
COLD (no memory)  : 0/1 converged | 4 attempts | errors cleared 2 | best tests passing 65 | in 7,540,275 / out 21,952
  GPU: 1x NVIDIA H200, 143771 MiB at $4.59/hr x 1235s = $1.57 for this RUN -- provisioning and the model download are before the first event and are not counted here
=== series run 9 started 02:29:09 ===
=== series run 9 exit 0 at 02:45:27 ===
WARM (shared memory): 0/1 converged | 2 attempts | errors cleared 2 | best tests passing 56 | in 9,973,120 / out 27,591
COLD (no memory)  : 0/1 converged | 3 attempts | errors cleared 1 | best tests passing 0 | in 6,735,433 / out 23,008
  GPU: 1x NVIDIA H200, 143771 MiB at $4.59/hr x 976s = $1.24 for this RUN -- provisioning and the model download are before the first event and are not counted here
=== series run 10 started 02:45:27 ===
=== series run 10 exit 0 at 03:03:01 ===
WARM (shared memory): 0/1 converged | 3 attempts | errors cleared 1 | best tests passing 0 | in 8,723,838 / out 22,369
COLD (no memory)  : 0/1 converged | 3 attempts | errors cleared 2 | best tests passing 0 | in 7,474,960 / out 25,996
  GPU: 1x NVIDIA H200, 143771 MiB at $4.59/hr x 1051s = $1.34 for this RUN -- provisioning and the model download are before the first event and are not counted here
=== series run 11 started 03:03:01 ===
=== series run 11 exit 0 at 03:26:23 ===
WARM (shared memory): 0/1 converged | 4 attempts | errors cleared 1 | best tests passing 0 | in 5,621,147 / out 20,325
COLD (no memory)  : 0/1 converged | 4 attempts | errors cleared 2 | best tests passing 57 | in 6,870,194 / out 25,209
  GPU: 1x NVIDIA H200, 143771 MiB at $4.59/hr x 1400s = $1.78 for this RUN -- provisioning and the model download are before the first event and are not counted here
=== series run 12 started 03:26:23 ===
=== series run 12 exit 0 at 03:45:28 ===
WARM (shared memory): 0/1 converged | 3 attempts | errors cleared 1 | best tests passing 0 | in 4,365,448 / out 22,192
COLD (no memory)  : 0/1 converged | 3 attempts | errors cleared 2 | best tests passing 57 | in 9,307,804 / out 26,891
  GPU: 1x NVIDIA H200, 143771 MiB at $4.59/hr x 1141s = $1.46 for this RUN -- provisioning and the model download are before the first event and are not counted here
=== series run 13 started 03:45:28 ===
=== series run 13 exit 0 at 04:06:16 ===
WARM (shared memory): 0/1 converged | 4 attempts | errors cleared 1 | best tests passing 0 | in 7,340,845 / out 20,386
COLD (no memory)  : 0/1 converged | 4 attempts | errors cleared 3 | best tests passing 57 | in 6,082,480 / out 24,053
  GPU: 1x NVIDIA H200, 143771 MiB at $4.59/hr x 1245s = $1.59 for this RUN -- provisioning and the model download are before the first event and are not counted here
=== series run 14 started 04:06:16 ===
=== series run 14 exit 0 at 04:22:41 ===
WARM (shared memory): 0/1 converged | 2 attempts | errors cleared 2 | best tests passing 58 | in 7,296,026 / out 23,341
COLD (no memory)  : 0/1 converged | 4 attempts | errors cleared 2 | best tests passing 0 | in 7,152,469 / out 21,635
  GPU: 1x NVIDIA H200, 143771 MiB at $4.59/hr x 982s = $1.25 for this RUN -- provisioning and the model download are before the first event and are not counted here
=== series run 15 started 04:22:41 ===
=== series run 15 exit 1 at 04:30:51 ===
WARM (shared memory): 0/1 converged | 0 attempts | errors cleared 0 | best tests passing 0 | in -102,218,058 / out -311,911
COLD (no memory)  : 0/1 converged | 0 attempts | errors cleared 0 | best tests passing 0 | in -126,091,060 / out -417,168
  GPU: 1x NVIDIA H200, 143771 MiB at $4.59/hr x 487s = $0.62 for this RUN -- provisioning and the model download are before the first event and are not counted here
=== series run 16 started 04:30:51 ===
=== series run 16 exit 1 at 04:30:55 ===
=== series run 17 started 04:30:55 ===
=== series run 17 exit 1 at 04:30:59 ===
=== series stopped after 3 consecutive failures at 04:30:59 ===
